---
source: crates/broza/tests/diskutil_plist.rs
expression: parsed
---
DeviceInfo {
    media_name: Some(
        "APPLE SSD AP0512Z",
    ),
    device_identifier: "disk0",
    internal: true,
    solid_state: true,
    total_size: 500277792768,
    free_space: 0,
    writable_volume: false,
    content: Some(
        "GUID_partition_scheme",
    ),
    volume_name: None,
    mount_point: None,
    sealed: None,
    filesystem_type: None,
    apfs_container_reference: None,
}
