---
source: crates/broza/tests/diskutil_plist.rs
expression: parsed
---
DeviceInfo {
    media_name: None,
    device_identifier: "disk3s5",
    internal: true,
    solid_state: true,
    total_size: 494384795648,
    free_space: 0,
    writable_volume: true,
    content: Some(
        "00000016-1111-4222-8333-000000000016",
    ),
    volume_name: Some(
        "Data",
    ),
    mount_point: Some(
        "/System/Volumes/Data",
    ),
    sealed: Some(
        "No",
    ),
    filesystem_type: Some(
        "apfs",
    ),
    apfs_container_reference: Some(
        "disk3",
    ),
}
